build_and_deploy	Set up job	ï»¿2026-01-13T11:05:31.3825618Z Current runner version: '2.330.0'
build_and_deploy	Set up job	2026-01-13T11:05:31.3850708Z ##[group]Runner Image Provisioner
build_and_deploy	Set up job	2026-01-13T11:05:31.3851739Z Hosted Compute Agent
build_and_deploy	Set up job	2026-01-13T11:05:31.3852336Z Version: 20251211.462
build_and_deploy	Set up job	2026-01-13T11:05:31.3852914Z Commit: 6cbad8c2bb55d58165063d031ccabf57e2d2db61
build_and_deploy	Set up job	2026-01-13T11:05:31.3853927Z Build Date: 2025-12-11T16:28:49Z
build_and_deploy	Set up job	2026-01-13T11:05:31.3854630Z Worker ID: {a0b3a99a-facf-41ff-9369-956e270756b3}
build_and_deploy	Set up job	2026-01-13T11:05:31.3855309Z ##[endgroup]
build_and_deploy	Set up job	2026-01-13T11:05:31.3855931Z ##[group]Operating System
build_and_deploy	Set up job	2026-01-13T11:05:31.3856476Z Ubuntu
build_and_deploy	Set up job	2026-01-13T11:05:31.3856942Z 24.04.3
build_and_deploy	Set up job	2026-01-13T11:05:31.3857512Z LTS
build_and_deploy	Set up job	2026-01-13T11:05:31.3857949Z ##[endgroup]
build_and_deploy	Set up job	2026-01-13T11:05:31.3858517Z ##[group]Runner Image
build_and_deploy	Set up job	2026-01-13T11:05:31.3859150Z Image: ubuntu-24.04
build_and_deploy	Set up job	2026-01-13T11:05:31.3859654Z Version: 20260105.202.1
build_and_deploy	Set up job	2026-01-13T11:05:31.3860655Z Included Software: https://github.com/actions/runner-images/blob/ubuntu24/20260105.202/images/ubuntu/Ubuntu2404-Readme.md
build_and_deploy	Set up job	2026-01-13T11:05:31.3862117Z Image Release: https://github.com/actions/runner-images/releases/tag/ubuntu24%2F20260105.202
build_and_deploy	Set up job	2026-01-13T11:05:31.3863360Z ##[endgroup]
build_and_deploy	Set up job	2026-01-13T11:05:31.3864660Z ##[group]GITHUB_TOKEN Permissions
build_and_deploy	Set up job	2026-01-13T11:05:31.3866475Z Contents: read
build_and_deploy	Set up job	2026-01-13T11:05:31.3867144Z Metadata: read
build_and_deploy	Set up job	2026-01-13T11:05:31.3867726Z Packages: read
build_and_deploy	Set up job	2026-01-13T11:05:31.3868235Z ##[endgroup]
build_and_deploy	Set up job	2026-01-13T11:05:31.3870357Z Secret source: Actions
build_and_deploy	Set up job	2026-01-13T11:05:31.3871131Z Prepare workflow directory
build_and_deploy	Set up job	2026-01-13T11:05:31.4204453Z Prepare all required actions
build_and_deploy	Set up job	2026-01-13T11:05:31.4245147Z Getting action download info
build_and_deploy	Set up job	2026-01-13T11:05:32.0053788Z Download action repository 'actions/checkout@v4' (SHA:34e114876b0b11c390a56381ad16ebd13914f8d5)
build_and_deploy	Set up job	2026-01-13T11:05:32.1204696Z Download action repository 'actions/setup-node@v4' (SHA:49933ea5288caeca8642d1e84afbd3f7d6820020)
build_and_deploy	Set up job	2026-01-13T11:05:32.2094080Z Download action repository 'FirebaseExtended/action-hosting-deploy@v0' (SHA:e2eda2e106cfa35cdbcf4ac9ddaf6c4756df2c8c)
build_and_deploy	Set up job	2026-01-13T11:05:32.8217216Z Complete job name: build_and_deploy
build_and_deploy	Checkout Repo	ï»¿2026-01-13T11:05:32.8947356Z ##[group]Run actions/checkout@v4
build_and_deploy	Checkout Repo	2026-01-13T11:05:32.8948316Z with:
build_and_deploy	Checkout Repo	2026-01-13T11:05:32.8948881Z   repository: njytim-cyber/p4f-simple-spelling-app
build_and_deploy	Checkout Repo	2026-01-13T11:05:32.8949738Z   token: ***
build_and_deploy	Checkout Repo	2026-01-13T11:05:32.8950189Z   ssh-strict: true
build_and_deploy	Checkout Repo	2026-01-13T11:05:32.8950664Z   ssh-user: git
build_and_deploy	Checkout Repo	2026-01-13T11:05:32.8951138Z   persist-credentials: true
build_and_deploy	Checkout Repo	2026-01-13T11:05:32.8951650Z   clean: true
build_and_deploy	Checkout Repo	2026-01-13T11:05:32.8952118Z   sparse-checkout-cone-mode: true
build_and_deploy	Checkout Repo	2026-01-13T11:05:32.8952678Z   fetch-depth: 1
build_and_deploy	Checkout Repo	2026-01-13T11:05:32.8953129Z   fetch-tags: false
build_and_deploy	Checkout Repo	2026-01-13T11:05:32.8953813Z   show-progress: true
build_and_deploy	Checkout Repo	2026-01-13T11:05:32.8954323Z   lfs: false
build_and_deploy	Checkout Repo	2026-01-13T11:05:32.8954760Z   submodules: false
build_and_deploy	Checkout Repo	2026-01-13T11:05:32.8955262Z   set-safe-directory: true
build_and_deploy	Checkout Repo	2026-01-13T11:05:32.8956064Z ##[endgroup]
build_and_deploy	Checkout Repo	2026-01-13T11:05:33.0044510Z Syncing repository: njytim-cyber/p4f-simple-spelling-app
build_and_deploy	Checkout Repo	2026-01-13T11:05:33.0046579Z ##[group]Getting Git version info
build_and_deploy	Checkout Repo	2026-01-13T11:05:33.0047576Z Working directory is '/home/runner/work/p4f-simple-spelling-app/p4f-simple-spelling-app'
build_and_deploy	Checkout Repo	2026-01-13T11:05:33.0048935Z [command]/usr/bin/git version
build_and_deploy	Checkout Repo	2026-01-13T11:05:33.0110463Z git version 2.52.0
build_and_deploy	Checkout Repo	2026-01-13T11:05:33.0137938Z ##[endgroup]
build_and_deploy	Checkout Repo	2026-01-13T11:05:33.0160037Z Temporarily overriding HOME='/home/runner/work/_temp/7d50352f-fc95-4fa8-98d2-3cfeb9037e82' before making global git config changes
build_and_deploy	Checkout Repo	2026-01-13T11:05:33.0162411Z Adding repository directory to the temporary git global config as a safe directory
build_and_deploy	Checkout Repo	2026-01-13T11:05:33.0165854Z [command]/usr/bin/git config --global --add safe.directory /home/runner/work/p4f-simple-spelling-app/p4f-simple-spelling-app
build_and_deploy	Checkout Repo	2026-01-13T11:05:33.0204973Z Deleting the contents of '/home/runner/work/p4f-simple-spelling-app/p4f-simple-spelling-app'
build_and_deploy	Checkout Repo	2026-01-13T11:05:33.0208399Z ##[group]Initializing the repository
build_and_deploy	Checkout Repo	2026-01-13T11:05:33.0212507Z [command]/usr/bin/git init /home/runner/work/p4f-simple-spelling-app/p4f-simple-spelling-app
build_and_deploy	Checkout Repo	2026-01-13T11:05:33.0306951Z hint: Using 'master' as the name for the initial branch. This default branch name
build_and_deploy	Checkout Repo	2026-01-13T11:05:33.0309266Z hint: will change to "main" in Git 3.0. To configure the initial branch name
build_and_deploy	Checkout Repo	2026-01-13T11:05:33.0310686Z hint: to use in all of your new repositories, which will suppress this warning,
build_and_deploy	Checkout Repo	2026-01-13T11:05:33.0311504Z hint: call:
build_and_deploy	Checkout Repo	2026-01-13T11:05:33.0311927Z hint:
build_and_deploy	Checkout Repo	2026-01-13T11:05:33.0312521Z hint: 	git config --global init.defaultBranch <name>
build_and_deploy	Checkout Repo	2026-01-13T11:05:33.0313179Z hint:
build_and_deploy	Checkout Repo	2026-01-13T11:05:33.0314200Z hint: Names commonly chosen instead of 'master' are 'main', 'trunk' and
build_and_deploy	Checkout Repo	2026-01-13T11:05:33.0315488Z hint: 'development'. The just-created branch can be renamed via this command:
build_and_deploy	Checkout Repo	2026-01-13T11:05:33.0316503Z hint:
build_and_deploy	Checkout Repo	2026-01-13T11:05:33.0316989Z hint: 	git branch -m <name>
build_and_deploy	Checkout Repo	2026-01-13T11:05:33.0317504Z hint:
build_and_deploy	Checkout Repo	2026-01-13T11:05:33.0318149Z hint: Disable this message with "git config set advice.defaultBranchName false"
build_and_deploy	Checkout Repo	2026-01-13T11:05:33.0319427Z Initialized empty Git repository in /home/runner/work/p4f-simple-spelling-app/p4f-simple-spelling-app/.git/
build_and_deploy	Checkout Repo	2026-01-13T11:05:33.0322057Z [command]/usr/bin/git remote add origin https://github.com/njytim-cyber/p4f-simple-spelling-app
build_and_deploy	Checkout Repo	2026-01-13T11:05:33.0359051Z ##[endgroup]
build_and_deploy	Checkout Repo	2026-01-13T11:05:33.0360449Z ##[group]Disabling automatic garbage collection
build_and_deploy	Checkout Repo	2026-01-13T11:05:33.0364293Z [command]/usr/bin/git config --local gc.auto 0
build_and_deploy	Checkout Repo	2026-01-13T11:05:33.0394182Z ##[endgroup]
build_and_deploy	Checkout Repo	2026-01-13T11:05:33.0395602Z ##[group]Setting up auth
build_and_deploy	Checkout Repo	2026-01-13T11:05:33.0402214Z [command]/usr/bin/git config --local --name-only --get-regexp core\.sshCommand
build_and_deploy	Checkout Repo	2026-01-13T11:05:33.0434463Z [command]/usr/bin/git submodule foreach --recursive sh -c "git config --local --name-only --get-regexp 'core\.sshCommand' && git config --local --unset-all 'core.sshCommand' || :"
build_and_deploy	Checkout Repo	2026-01-13T11:05:33.0762443Z [command]/usr/bin/git config --local --name-only --get-regexp http\.https\:\/\/github\.com\/\.extraheader
build_and_deploy	Checkout Repo	2026-01-13T11:05:33.0795310Z [command]/usr/bin/git submodule foreach --recursive sh -c "git config --local --name-only --get-regexp 'http\.https\:\/\/github\.com\/\.extraheader' && git config --local --unset-all 'http.https://github.com/.extraheader' || :"
build_and_deploy	Checkout Repo	2026-01-13T11:05:33.1019693Z [command]/usr/bin/git config --local --name-only --get-regexp ^includeIf\.gitdir:
build_and_deploy	Checkout Repo	2026-01-13T11:05:33.1052890Z [command]/usr/bin/git submodule foreach --recursive git config --local --show-origin --name-only --get-regexp remote.origin.url
build_and_deploy	Checkout Repo	2026-01-13T11:05:33.1286815Z [command]/usr/bin/git config --local http.https://github.com/.extraheader AUTHORIZATION: basic ***
build_and_deploy	Checkout Repo	2026-01-13T11:05:33.1324691Z ##[endgroup]
build_and_deploy	Checkout Repo	2026-01-13T11:05:33.1325690Z ##[group]Fetching the repository
build_and_deploy	Checkout Repo	2026-01-13T11:05:33.1333973Z [command]/usr/bin/git -c protocol.version=2 fetch --no-tags --prune --no-recurse-submodules --depth=1 origin +4d59b87b06f84d615500f2b599ca48dfb29828d2:refs/remotes/origin/main
build_and_deploy	Checkout Repo	2026-01-13T11:05:33.5352000Z From https://github.com/njytim-cyber/p4f-simple-spelling-app
build_and_deploy	Checkout Repo	2026-01-13T11:05:33.5353110Z  * [new ref]         4d59b87b06f84d615500f2b599ca48dfb29828d2 -> origin/main
build_and_deploy	Checkout Repo	2026-01-13T11:05:33.5384389Z ##[endgroup]
build_and_deploy	Checkout Repo	2026-01-13T11:05:33.5385274Z ##[group]Determining the checkout info
build_and_deploy	Checkout Repo	2026-01-13T11:05:33.5386545Z ##[endgroup]
build_and_deploy	Checkout Repo	2026-01-13T11:05:33.5391178Z [command]/usr/bin/git sparse-checkout disable
build_and_deploy	Checkout Repo	2026-01-13T11:05:33.5431047Z [command]/usr/bin/git config --local --unset-all extensions.worktreeConfig
build_and_deploy	Checkout Repo	2026-01-13T11:05:33.5457108Z ##[group]Checking out the ref
build_and_deploy	Checkout Repo	2026-01-13T11:05:33.5460805Z [command]/usr/bin/git checkout --progress --force -B main refs/remotes/origin/main
build_and_deploy	Checkout Repo	2026-01-13T11:05:33.5529084Z Switched to a new branch 'main'
build_and_deploy	Checkout Repo	2026-01-13T11:05:33.5531137Z branch 'main' set up to track 'origin/main'.
build_and_deploy	Checkout Repo	2026-01-13T11:05:33.5538578Z ##[endgroup]
build_and_deploy	Checkout Repo	2026-01-13T11:05:33.5571856Z [command]/usr/bin/git log -1 --format=%H
build_and_deploy	Checkout Repo	2026-01-13T11:05:33.5593229Z 4d59b87b06f84d615500f2b599ca48dfb29828d2
build_and_deploy	Setup Node.js	ï»¿2026-01-13T11:05:33.5851091Z ##[group]Run actions/setup-node@v4
build_and_deploy	Setup Node.js	2026-01-13T11:05:33.5851742Z with:
build_and_deploy	Setup Node.js	2026-01-13T11:05:33.5852165Z   node-version: 20
build_and_deploy	Setup Node.js	2026-01-13T11:05:33.5852616Z   always-auth: false
build_and_deploy	Setup Node.js	2026-01-13T11:05:33.5853090Z   check-latest: false
build_and_deploy	Setup Node.js	2026-01-13T11:05:33.5854230Z   token: ***
build_and_deploy	Setup Node.js	2026-01-13T11:05:33.5854675Z ##[endgroup]
build_and_deploy	Setup Node.js	2026-01-13T11:05:33.7623675Z Found in cache @ /opt/hostedtoolcache/node/20.19.6/x64
build_and_deploy	Setup Node.js	2026-01-13T11:05:33.7630394Z ##[group]Environment details
build_and_deploy	Setup Node.js	2026-01-13T11:05:34.1006579Z node: v20.19.6
build_and_deploy	Setup Node.js	2026-01-13T11:05:34.1007345Z npm: 10.8.2
build_and_deploy	Setup Node.js	2026-01-13T11:05:34.1007976Z yarn: 1.22.22
build_and_deploy	Setup Node.js	2026-01-13T11:05:34.1009247Z ##[endgroup]
build_and_deploy	Install Dependencies	ï»¿2026-01-13T11:05:34.1120358Z ##[group]Run npm ci
build_and_deploy	Install Dependencies	2026-01-13T11:05:34.1121019Z [36;1mnpm ci[0m
build_and_deploy	Install Dependencies	2026-01-13T11:05:34.1165695Z shell: /usr/bin/bash -e {0}
build_and_deploy	Install Dependencies	2026-01-13T11:05:34.1166315Z ##[endgroup]
build_and_deploy	Install Dependencies	2026-01-13T11:05:41.6611350Z 
build_and_deploy	Install Dependencies	2026-01-13T11:05:41.6619875Z added 235 packages, and audited 236 packages in 7s
build_and_deploy	Install Dependencies	2026-01-13T11:05:41.6620292Z 
build_and_deploy	Install Dependencies	2026-01-13T11:05:41.6620546Z 59 packages are looking for funding
build_and_deploy	Install Dependencies	2026-01-13T11:05:41.6621012Z   run `npm fund` for details
build_and_deploy	Install Dependencies	2026-01-13T11:05:41.6622113Z 
build_and_deploy	Install Dependencies	2026-01-13T11:05:41.6622414Z found 0 vulnerabilities
build_and_deploy	Build	ï»¿2026-01-13T11:05:41.6964771Z ##[group]Run npm run build
build_and_deploy	Build	2026-01-13T11:05:41.6965171Z [36;1mnpm run build[0m
build_and_deploy	Build	2026-01-13T11:05:41.6999598Z shell: /usr/bin/bash -e {0}
build_and_deploy	Build	2026-01-13T11:05:41.6999902Z ##[endgroup]
build_and_deploy	Build	2026-01-13T11:05:41.8170723Z 
build_and_deploy	Build	2026-01-13T11:05:41.8171702Z > p4f-simple-spelling-app@0.1.0 build
build_and_deploy	Build	2026-01-13T11:05:41.8172347Z > tsc -b && vite build
build_and_deploy	Build	2026-01-13T11:05:41.8172603Z 
build_and_deploy	Build	2026-01-13T11:05:45.5666416Z [36mvite v7.3.1 [32mbuilding client environment for production...[36m[39m
build_and_deploy	Build	2026-01-13T11:05:45.6318836Z transforming...
build_and_deploy	Build	2026-01-13T11:05:55.2321621Z [32mâœ“[39m 11903 modules transformed.
build_and_deploy	Build	2026-01-13T11:05:55.5667475Z rendering chunks...
build_and_deploy	Build	2026-01-13T11:05:55.5853976Z computing gzip size...
build_and_deploy	Build	2026-01-13T11:05:55.6015929Z [2mdist/[22m[32mindex.html                                            [39m[1m[2m  0.47 kB[22m[1m[22m[2m â”‚ gzip:   0.31 kB[22m
build_and_deploy	Build	2026-01-13T11:05:55.6017900Z [2mdist/[22m[2massets/[22m[32mroboto-vietnamese-400-normal-DmXaN3yE.woff     [39m[1m[2m  5.68 kB[22m[1m[22m
build_and_deploy	Build	2026-01-13T11:05:55.6019954Z [2mdist/[22m[2massets/[22m[32mroboto-vietnamese-700-normal-Dz0HwF-w.woff     [39m[1m[2m  5.70 kB[22m[1m[22m
build_and_deploy	Build	2026-01-13T11:05:55.6022096Z [2mdist/[22m[2massets/[22m[32mroboto-vietnamese-300-normal-DXBG9gdz.woff     [39m[1m[2m  5.73 kB[22m[1m[22m
build_and_deploy	Build	2026-01-13T11:05:55.6024315Z [2mdist/[22m[2massets/[22m[32mroboto-vietnamese-500-normal-DW96CsrR.woff     [39m[1m[2m  5.74 kB[22m[1m[22m
build_and_deploy	Build	2026-01-13T11:05:55.6026258Z [2mdist/[22m[2massets/[22m[32moutfit-latin-ext-400-normal-5tcqmc2S.woff2     [39m[1m[2m  6.38 kB[22m[1m[22m
build_and_deploy	Build	2026-01-13T11:05:55.6029010Z [2mdist/[22m[2massets/[22m[32moutfit-latin-ext-700-normal-CI4iH74K.woff2     [39m[1m[2m  6.48 kB[22m[1m[22m
build_and_deploy	Build	2026-01-13T11:05:55.6031024Z [2mdist/[22m[2massets/[22m[32mroboto-greek-300-normal-CTj2MfNN.woff          [39m[1m[2m  7.71 kB[22m[1m[22m
build_and_deploy	Build	2026-01-13T11:05:55.6032868Z [2mdist/[22m[2massets/[22m[32mroboto-greek-400-normal-CcizSnRP.woff          [39m[1m[2m  7.71 kB[22m[1m[22m
build_and_deploy	Build	2026-01-13T11:05:55.6035014Z [2mdist/[22m[2massets/[22m[32mroboto-greek-700-normal-D3kmAf0K.woff          [39m[1m[2m  7.72 kB[22m[1m[22m
build_and_deploy	Build	2026-01-13T11:05:55.6036891Z [2mdist/[22m[2massets/[22m[32mroboto-greek-500-normal-BLLWU9W-.woff          [39m[1m[2m  7.75 kB[22m[1m[22m
build_and_deploy	Build	2026-01-13T11:05:55.6038830Z [2mdist/[22m[2massets/[22m[32mroboto-vietnamese-300-normal-CNeuLW5X.woff2    [39m[1m[2m  7.84 kB[22m[1m[22m
build_and_deploy	Build	2026-01-13T11:05:55.6040728Z [2mdist/[22m[2massets/[22m[32mroboto-vietnamese-500-normal-HYpufUYk.woff2    [39m[1m[2m  7.84 kB[22m[1m[22m
build_and_deploy	Build	2026-01-13T11:05:55.6042654Z [2mdist/[22m[2massets/[22m[32mroboto-vietnamese-400-normal-CDDxGrUb.woff2    [39m[1m[2m  7.86 kB[22m[1m[22m
build_and_deploy	Build	2026-01-13T11:05:55.6044785Z [2mdist/[22m[2massets/[22m[32mroboto-vietnamese-700-normal-iKxYNAzq.woff2    [39m[1m[2m  7.88 kB[22m[1m[22m
build_and_deploy	Build	2026-01-13T11:05:55.6046561Z [2mdist/[22m[2massets/[22m[32moutfit-latin-ext-400-normal-DHm7mdGe.woff      [39m[1m[2m  8.64 kB[22m[1m[22m
build_and_deploy	Build	2026-01-13T11:05:55.6048147Z [2mdist/[22m[2massets/[22m[32moutfit-latin-ext-700-normal-fjS8-Gm7.woff      [39m[1m[2m  8.78 kB[22m[1m[22m
build_and_deploy	Build	2026-01-13T11:05:55.6050264Z [2mdist/[22m[2massets/[22m[32mroboto-symbols-500-normal-CAhAe-ik.woff        [39m[1m[2m  8.86 kB[22m[1m[22m
build_and_deploy	Build	2026-01-13T11:05:55.6051352Z [33m
build_and_deploy	Build	2026-01-13T11:05:55.6051987Z (!) Some chunks are larger than 500 kB after minification. Consider:
build_and_deploy	Build	2026-01-13T11:05:55.6052689Z - Using dynamic import() to code-split the application
build_and_deploy	Build	2026-01-13T11:05:55.6054154Z - Use build.rollupOptions.output.manualChunks to improve chunking: https://rollupjs.org/configuration-options/#output-manualchunks
build_and_deploy	Build	2026-01-13T11:05:55.6055586Z - Adjust chunk size limit for this warning via build.chunkSizeWarningLimit.[39m
build_and_deploy	Build	2026-01-13T11:05:55.6056920Z [2mdist/[22m[2massets/[22m[32mroboto-symbols-400-normal-Tzuungub.woff        [39m[1m[2m  8.88 kB[22m[1m[22m
build_and_deploy	Build	2026-01-13T11:05:55.6058663Z [2mdist/[22m[2massets/[22m[32mroboto-symbols-700-normal-CuuvBBxy.woff        [39m[1m[2m  8.88 kB[22m[1m[22m
build_and_deploy	Build	2026-01-13T11:05:55.6060713Z [2mdist/[22m[2massets/[22m[32mroboto-symbols-300-normal-kyoSXp-d.woff        [39m[1m[2m  8.96 kB[22m[1m[22m
build_and_deploy	Build	2026-01-13T11:05:55.6062389Z [2mdist/[22m[2massets/[22m[32mroboto-greek-300-normal-Cnub06j7.woff2         [39m[1m[2m  9.56 kB[22m[1m[22m
build_and_deploy	Build	2026-01-13T11:05:55.6064241Z [2mdist/[22m[2massets/[22m[32mroboto-greek-500-normal-BJMS0heP.woff2         [39m[1m[2m  9.64 kB[22m[1m[22m
build_and_deploy	Build	2026-01-13T11:05:55.6065900Z [2mdist/[22m[2massets/[22m[32mroboto-greek-400-normal-jFM2czAU.woff2         [39m[1m[2m  9.64 kB[22m[1m[22m
build_and_deploy	Build	2026-01-13T11:05:55.6067565Z [2mdist/[22m[2massets/[22m[32mroboto-greek-700-normal-BcGn9doz.woff2         [39m[1m[2m  9.67 kB[22m[1m[22m
build_and_deploy	Build	2026-01-13T11:05:55.6069246Z [2mdist/[22m[2massets/[22m[32mroboto-cyrillic-400-normal-DZJji7Rx.woff       [39m[1m[2m 10.00 kB[22m[1m[22m
build_and_deploy	Build	2026-01-13T11:05:55.6070911Z [2mdist/[22m[2massets/[22m[32mroboto-cyrillic-300-normal-D568C3aM.woff       [39m[1m[2m 10.06 kB[22m[1m[22m
build_and_deploy	Build	2026-01-13T11:05:55.6072615Z [2mdist/[22m[2massets/[22m[32mroboto-cyrillic-500-normal-BI4HuXre.woff       [39m[1m[2m 10.20 kB[22m[1m[22m
build_and_deploy	Build	2026-01-13T11:05:55.6074491Z [2mdist/[22m[2massets/[22m[32mroboto-cyrillic-700-normal-KqaQ5bNp.woff       [39m[1m[2m 10.22 kB[22m[1m[22m
build_and_deploy	Build	2026-01-13T11:05:55.6076206Z [2mdist/[22m[2massets/[22m[32mroboto-symbols-400-normal-fF1SLJBj.woff2       [39m[1m[2m 10.58 kB[22m[1m[22m
build_and_deploy	Build	2026-01-13T11:05:55.6077880Z [2mdist/[22m[2massets/[22m[32mroboto-symbols-300-normal-BtHl5mYl.woff2       [39m[1m[2m 10.62 kB[22m[1m[22m
build_and_deploy	Build	2026-01-13T11:05:55.6079566Z [2mdist/[22m[2massets/[22m[32mroboto-symbols-500-normal-BXFTxrNR.woff2       [39m[1m[2m 10.73 kB[22m[1m[22m
build_and_deploy	Build	2026-01-13T11:05:55.6081272Z [2mdist/[22m[2massets/[22m[32mroboto-symbols-700-normal-rJi6RjIy.woff2       [39m[1m[2m 10.86 kB[22m[1m[22m
build_and_deploy	Build	2026-01-13T11:05:55.6082977Z [2mdist/[22m[2massets/[22m[32mroboto-cyrillic-300-normal-BoeCr7ev.woff2      [39m[1m[2m 11.83 kB[22m[1m[22m
build_and_deploy	Build	2026-01-13T11:05:55.6084861Z [2mdist/[22m[2massets/[22m[32mroboto-cyrillic-400-normal-DAIM1_dR.woff2      [39m[1m[2m 11.84 kB[22m[1m[22m
build_and_deploy	Build	2026-01-13T11:05:55.6086558Z [2mdist/[22m[2massets/[22m[32mroboto-cyrillic-700-normal-BiSG5NnW.woff2      [39m[1m[2m 11.94 kB[22m[1m[22m
build_and_deploy	Build	2026-01-13T11:05:55.6088283Z [2mdist/[22m[2massets/[22m[32mroboto-cyrillic-500-normal-hCeO1jFL.woff2      [39m[1m[2m 11.98 kB[22m[1m[22m
build_and_deploy	Build	2026-01-13T11:05:55.6089998Z [2mdist/[22m[2massets/[22m[32mroboto-latin-ext-400-normal-eTRLN0Nt.woff      [39m[1m[2m 12.90 kB[22m[1m[22m
build_and_deploy	Build	2026-01-13T11:05:55.6091711Z [2mdist/[22m[2massets/[22m[32mroboto-latin-ext-700-normal-BS1OuQqR.woff      [39m[1m[2m 12.90 kB[22m[1m[22m
build_and_deploy	Build	2026-01-13T11:05:55.6093414Z [2mdist/[22m[2massets/[22m[32mroboto-latin-ext-500-normal-FFcS8vBN.woff      [39m[1m[2m 12.94 kB[22m[1m[22m
build_and_deploy	Build	2026-01-13T11:05:55.6095293Z [2mdist/[22m[2massets/[22m[32mroboto-latin-ext-300-normal-Tcf9y2tg.woff      [39m[1m[2m 13.02 kB[22m[1m[22m
build_and_deploy	Build	2026-01-13T11:05:55.6097249Z [2mdist/[22m[2massets/[22m[32mroboto-latin-ext-300-normal-BOz0oSmX.woff2     [39m[1m[2m 13.74 kB[22m[1m[22m
build_and_deploy	Build	2026-01-13T11:05:55.6099034Z [2mdist/[22m[2massets/[22m[32mroboto-latin-ext-400-normal-ZYmyxeOy.woff2     [39m[1m[2m 13.74 kB[22m[1m[22m
build_and_deploy	Build	2026-01-13T11:05:55.6100738Z [2mdist/[22m[2massets/[22m[32mroboto-latin-ext-500-normal-C_ARlJGk.woff2     [39m[1m[2m 13.98 kB[22m[1m[22m
build_and_deploy	Build	2026-01-13T11:05:55.6102444Z [2mdist/[22m[2massets/[22m[32mroboto-latin-ext-700-normal-70GS1MYH.woff2     [39m[1m[2m 14.02 kB[22m[1m[22m
build_and_deploy	Build	2026-01-13T11:05:55.6104317Z [2mdist/[22m[2massets/[22m[32moutfit-latin-400-normal-BGsTXAXT.woff2         [39m[1m[2m 14.03 kB[22m[1m[22m
build_and_deploy	Build	2026-01-13T11:05:55.6106020Z [2mdist/[22m[2massets/[22m[32moutfit-latin-700-normal-Cu9v6i1X.woff2         [39m[1m[2m 14.06 kB[22m[1m[22m
build_and_deploy	Build	2026-01-13T11:05:55.6107786Z [2mdist/[22m[2massets/[22m[32mroboto-cyrillic-ext-300-normal-DQdcc27I.woff   [39m[1m[2m 15.74 kB[22m[1m[22m
build_and_deploy	Build	2026-01-13T11:05:55.6109791Z [2mdist/[22m[2massets/[22m[32mroboto-cyrillic-ext-400-normal-DtZHuW6i.woff   [39m[1m[2m 15.76 kB[22m[1m[22m
build_and_deploy	Build	2026-01-13T11:05:55.6111536Z [2mdist/[22m[2massets/[22m[32mroboto-cyrillic-ext-500-normal-C927yMrb.woff   [39m[1m[2m 15.87 kB[22m[1m[22m
build_and_deploy	Build	2026-01-13T11:05:55.6113275Z [2mdist/[22m[2massets/[22m[32mroboto-cyrillic-ext-700-normal-BuQgZIrO.woff   [39m[1m[2m 15.88 kB[22m[1m[22m
build_and_deploy	Build	2026-01-13T11:05:55.6115192Z [2mdist/[22m[2massets/[22m[32mroboto-cyrillic-ext-400-normal-DzMWdK87.woff2  [39m[1m[2m 16.85 kB[22m[1m[22m
build_and_deploy	Build	2026-01-13T11:05:55.6116956Z [2mdist/[22m[2massets/[22m[32mroboto-cyrillic-ext-300-normal-CUPJdUZp.woff2  [39m[1m[2m 16.91 kB[22m[1m[22m
build_and_deploy	Build	2026-01-13T11:05:55.6118693Z [2mdist/[22m[2massets/[22m[32mroboto-cyrillic-ext-500-normal-B7rQpwPu.woff2  [39m[1m[2m 17.16 kB[22m[1m[22m
build_and_deploy	Build	2026-01-13T11:05:55.6120447Z [2mdist/[22m[2massets/[22m[32mroboto-cyrillic-ext-700-normal-UFn0vR9r.woff2  [39m[1m[2m 17.21 kB[22m[1m[22m
build_and_deploy	Build	2026-01-13T11:05:55.6122191Z [2mdist/[22m[2massets/[22m[32moutfit-latin-400-normal-DMwTpYkH.woff          [39m[1m[2m 18.23 kB[22m[1m[22m
build_and_deploy	Build	2026-01-13T11:05:55.6124034Z [2mdist/[22m[2massets/[22m[32moutfit-latin-700-normal-D4itBLBr.woff          [39m[1m[2m 18.34 kB[22m[1m[22m
build_and_deploy	Build	2026-01-13T11:05:55.6125743Z [2mdist/[22m[2massets/[22m[32mroboto-math-400-normal-rzxYvyVt.woff           [39m[1m[2m 18.73 kB[22m[1m[22m
build_and_deploy	Build	2026-01-13T11:05:55.6127441Z [2mdist/[22m[2massets/[22m[32mroboto-math-500-normal-DaFX-ZC8.woff           [39m[1m[2m 18.80 kB[22m[1m[22m
build_and_deploy	Build	2026-01-13T11:05:55.6129209Z [2mdist/[22m[2massets/[22m[32mroboto-math-700-normal-pYD1nhov.woff           [39m[1m[2m 18.87 kB[22m[1m[22m
build_and_deploy	Build	2026-01-13T11:05:55.6130896Z [2mdist/[22m[2massets/[22m[32mroboto-math-300-normal-BU9CUCyj.woff           [39m[1m[2m 18.91 kB[22m[1m[22m
build_and_deploy	Build	2026-01-13T11:05:55.6132596Z [2mdist/[22m[2massets/[22m[32mroboto-math-400-normal-B3wgz80t.woff2          [39m[1m[2m 19.66 kB[22m[1m[22m
build_and_deploy	Build	2026-01-13T11:05:55.6134472Z [2mdist/[22m[2massets/[22m[32mroboto-math-300-normal-BMxwzQmU.woff2          [39m[1m[2m 19.68 kB[22m[1m[22m
build_and_deploy	Build	2026-01-13T11:05:55.6136167Z [2mdist/[22m[2massets/[22m[32mroboto-math-700-normal-VUAI6Bz2.woff2          [39m[1m[2m 19.95 kB[22m[1m[22m
build_and_deploy	Build	2026-01-13T11:05:55.6137851Z [2mdist/[22m[2massets/[22m[32mroboto-math-500-normal-CFNaIMFC.woff2          [39m[1m[2m 19.98 kB[22m[1m[22m
build_and_deploy	Build	2026-01-13T11:05:55.6139523Z [2mdist/[22m[2massets/[22m[32mroboto-latin-400-normal-068yxgMN.woff          [39m[1m[2m 20.22 kB[22m[1m[22m
build_and_deploy	Build	2026-01-13T11:05:55.6141206Z [2mdist/[22m[2massets/[22m[32mroboto-latin-500-normal-CC5nhZkh.woff          [39m[1m[2m 20.34 kB[22m[1m[22m
build_and_deploy	Build	2026-01-13T11:05:55.6142900Z [2mdist/[22m[2massets/[22m[32mroboto-latin-700-normal-DUekQERp.woff          [39m[1m[2m 20.37 kB[22m[1m[22m
build_and_deploy	Build	2026-01-13T11:05:55.6144842Z [2mdist/[22m[2massets/[22m[32mroboto-latin-300-normal-KByCBsad.woff          [39m[1m[2m 20.46 kB[22m[1m[22m
build_and_deploy	Build	2026-01-13T11:05:55.6146766Z [2mdist/[22m[2massets/[22m[32mroboto-latin-400-normal-CNwBRw8h.woff2         [39m[1m[2m 20.61 kB[22m[1m[22m
build_and_deploy	Build	2026-01-13T11:05:55.6148485Z [2mdist/[22m[2massets/[22m[32mroboto-latin-300-normal-CztWkFGs.woff2         [39m[1m[2m 20.71 kB[22m[1m[22m
build_and_deploy	Build	2026-01-13T11:05:55.6150183Z [2mdist/[22m[2massets/[22m[32mroboto-latin-500-normal-CkrA1NAy.woff2         [39m[1m[2m 20.93 kB[22m[1m[22m
build_and_deploy	Build	2026-01-13T11:05:55.6151885Z [2mdist/[22m[2massets/[22m[32mroboto-latin-700-normal-CXeAXeti.woff2         [39m[1m[2m 21.00 kB[22m[1m[22m
build_and_deploy	Build	2026-01-13T11:05:55.6153868Z [2mdist/[22m[2massets/[22m[35mindex-B4rUaYun.css                             [39m[1m[2m 49.35 kB[22m[1m[22m[2m â”‚ gzip:  21.01 kB[22m
build_and_deploy	Build	2026-01-13T11:05:55.6155682Z [2mdist/[22m[2massets/[22m[36mindex-K-JOWDGZ.js                              [39m[1m[33m528.15 kB[39m[22m[2m â”‚ gzip: 166.78 kB[22m
build_and_deploy	Build	2026-01-13T11:05:55.6156893Z [32mâœ“ built in 10.01s[39m
build_and_deploy	Deploy to Firebase Hosting	ï»¿2026-01-13T11:05:55.7239553Z ##[group]Run FirebaseExtended/action-hosting-deploy@v0
build_and_deploy	Deploy to Firebase Hosting	2026-01-13T11:05:55.7239922Z with:
build_and_deploy	Deploy to Firebase Hosting	2026-01-13T11:05:55.7240416Z   repoToken: ***
build_and_deploy	Deploy to Firebase Hosting	2026-01-13T11:05:55.7240727Z   firebaseServiceAccount: ***
build_and_deploy	Deploy to Firebase Hosting	2026-01-13T11:05:55.7240960Z   channelId: live
build_and_deploy	Deploy to Firebase Hosting	2026-01-13T11:05:55.7241163Z   projectId: p4f-spelling-app
build_and_deploy	Deploy to Firebase Hosting	2026-01-13T11:05:55.7241378Z   expires: 7d
build_and_deploy	Deploy to Firebase Hosting	2026-01-13T11:05:55.7241555Z   entryPoint: .
build_and_deploy	Deploy to Firebase Hosting	2026-01-13T11:05:55.7241745Z   firebaseToolsVersion: latest
build_and_deploy	Deploy to Firebase Hosting	2026-01-13T11:05:55.7241968Z   disableComment: false
build_and_deploy	Deploy to Firebase Hosting	2026-01-13T11:05:55.7242165Z   force: false
build_and_deploy	Deploy to Firebase Hosting	2026-01-13T11:05:55.7242336Z ##[endgroup]
build_and_deploy	Deploy to Firebase Hosting	2026-01-13T11:05:55.7884248Z ##[group]Verifying firebase.json exists
build_and_deploy	Deploy to Firebase Hosting	2026-01-13T11:05:55.7889867Z firebase.json file found. Continuing deploy.
build_and_deploy	Deploy to Firebase Hosting	2026-01-13T11:05:55.7893220Z ##[endgroup]
build_and_deploy	Deploy to Firebase Hosting	2026-01-13T11:05:55.7895197Z ##[group]Setting up CLI credentials
build_and_deploy	Deploy to Firebase Hosting	2026-01-13T11:05:55.7908031Z Created a temporary file with Application Default Credentials.
build_and_deploy	Deploy to Firebase Hosting	2026-01-13T11:05:55.7909096Z ##[endgroup]
build_and_deploy	Deploy to Firebase Hosting	2026-01-13T11:05:55.7909773Z ##[group]Deploying to production site
build_and_deploy	Deploy to Firebase Hosting	2026-01-13T11:05:55.7932958Z [command]/opt/hostedtoolcache/node/20.19.6/x64/bin/npx firebase-tools@latest deploy --only hosting --project p4f-spelling-app --json
build_and_deploy	Deploy to Firebase Hosting	2026-01-13T11:05:56.4960325Z npm warn exec The following package was not found and will be installed: firebase-tools@15.2.1
build_and_deploy	Deploy to Firebase Hosting	2026-01-13T11:06:08.6008640Z npm warn deprecated node-domexception@1.0.0: Use your platform's native DOMException instead
build_and_deploy	Deploy to Firebase Hosting	2026-01-13T11:06:10.5181066Z npm warn deprecated json-ptr@3.1.1: Package no longer supported. Contact Support at https://www.npmjs.com/support for more info.
build_and_deploy	Deploy to Firebase Hosting	2026-01-13T11:06:14.9438979Z {
build_and_deploy	Deploy to Firebase Hosting	2026-01-13T11:06:14.9439462Z   "status": "error",
build_and_deploy	Deploy to Firebase Hosting	2026-01-13T11:06:14.9440242Z   "error": "Failed to authenticate, have you run \u001b[1mfirebase login\u001b[22m?"
build_and_deploy	Deploy to Firebase Hosting	2026-01-13T11:06:15.2572716Z }{
build_and_deploy	Deploy to Firebase Hosting	2026-01-13T11:06:15.2573210Z   "status": "error",
build_and_deploy	Deploy to Firebase Hosting	2026-01-13T11:06:15.2574376Z   "error": "Failed to authenticate, have you run \u001b[1mfirebase login\u001b[22m?"
build_and_deploy	Deploy to Firebase Hosting	2026-01-13T11:06:15.2575294Z }
build_and_deploy	Deploy to Firebase Hosting	2026-01-13T11:06:15.2576079Z The process '/opt/hostedtoolcache/node/20.19.6/x64/bin/npx' failed with exit code 1
build_and_deploy	Deploy to Firebase Hosting	2026-01-13T11:06:15.2576902Z Retrying deploy with the --debug flag for better error output
build_and_deploy	Deploy to Firebase Hosting	2026-01-13T11:06:15.2583907Z [command]/opt/hostedtoolcache/node/20.19.6/x64/bin/npx firebase-tools@latest deploy --only hosting --project p4f-spelling-app --debug
build_and_deploy	Deploy to Firebase Hosting	2026-01-13T11:06:17.3759299Z [2026-01-13T11:06:17.374Z] > command requires scopes: ["email","openid","https://www.googleapis.com/auth/cloudplatformprojects.readonly","https://www.googleapis.com/auth/firebase","https://www.googleapis.com/auth/cloud-platform"]
build_and_deploy	Deploy to Firebase Hosting	2026-01-13T11:06:17.3819188Z [2026-01-13T11:06:17.381Z] SyntaxError: Unexpected token 'w', "faweoilgj3o9"... is not valid JSON
build_and_deploy	Deploy to Firebase Hosting	2026-01-13T11:06:17.3820290Z     at JSON.parse (<anonymous>)
build_and_deploy	Deploy to Firebase Hosting	2026-01-13T11:06:17.3821633Z     at ReadStream.<anonymous> (/home/runner/.npm/_npx/ba4f1959e38407b5/node_modules/google-auth-library/build/src/auth/googleauth.js:511:43)
build_and_deploy	Deploy to Firebase Hosting	2026-01-13T11:06:17.3823316Z     at ReadStream.emit (node:events:524:28)
build_and_deploy	Deploy to Firebase Hosting	2026-01-13T11:06:17.3824340Z     at endReadableNT (node:internal/streams/readable:1698:12)
build_and_deploy	Deploy to Firebase Hosting	2026-01-13T11:06:17.3825300Z     at process.processTicksAndRejections (node:internal/process/task_queues:82:21)
build_and_deploy	Deploy to Firebase Hosting	2026-01-13T11:06:17.3825997Z 
build_and_deploy	Deploy to Firebase Hosting	2026-01-13T11:06:17.3826450Z Error: Failed to authenticate, have you run firebase login?
build_and_deploy	Deploy to Firebase Hosting	2026-01-13T11:06:17.6699479Z [2026-01-13T11:06:17.374Z] > command requires scopes: ["email","openid","https://www.googleapis.com/auth/cloudplatformprojects.readonly","https://www.googleapis.com/auth/firebase","https://www.googleapis.com/auth/cloud-platform"]
build_and_deploy	Deploy to Firebase Hosting	2026-01-13T11:06:17.6700851Z [2026-01-13T11:06:17.381Z] SyntaxError: Unexpected token 'w', "faweoilgj3o9"... is not valid JSON
build_and_deploy	Deploy to Firebase Hosting	2026-01-13T11:06:17.6701480Z     at JSON.parse (<anonymous>)
build_and_deploy	Deploy to Firebase Hosting	2026-01-13T11:06:17.6702159Z     at ReadStream.<anonymous> (/home/runner/.npm/_npx/ba4f1959e38407b5/node_modules/google-auth-library/build/src/auth/googleauth.js:511:43)
build_and_deploy	Deploy to Firebase Hosting	2026-01-13T11:06:17.6702957Z     at ReadStream.emit (node:events:524:28)
build_and_deploy	Deploy to Firebase Hosting	2026-01-13T11:06:17.6704148Z     at endReadableNT (node:internal/streams/readable:1698:12)
build_and_deploy	Deploy to Firebase Hosting	2026-01-13T11:06:17.6704774Z     at process.processTicksAndRejections (node:internal/process/task_queues:82:21)
build_and_deploy	Deploy to Firebase Hosting	2026-01-13T11:06:17.6705161Z 
build_and_deploy	Deploy to Firebase Hosting	2026-01-13T11:06:17.6705388Z Error: Failed to authenticate, have you run firebase login?
build_and_deploy	Deploy to Firebase Hosting	2026-01-13T11:06:17.6705626Z 
build_and_deploy	Deploy to Firebase Hosting	2026-01-13T11:06:17.6706065Z The process '/opt/hostedtoolcache/node/20.19.6/x64/bin/npx' failed with exit code 1
build_and_deploy	Deploy to Firebase Hosting	2026-01-13T11:06:17.6725229Z ##[error]The process '/opt/hostedtoolcache/node/20.19.6/x64/bin/npx' failed with exit code 1
build_and_deploy	Deploy to Firebase Hosting	2026-01-13T11:06:17.6733440Z {
build_and_deploy	Deploy to Firebase Hosting	2026-01-13T11:06:17.6733995Z   conclusion: 'failure',
build_and_deploy	Deploy to Firebase Hosting	2026-01-13T11:06:17.6734243Z   output: {
build_and_deploy	Deploy to Firebase Hosting	2026-01-13T11:06:17.6734479Z     title: 'Deploy preview failed',
build_and_deploy	Deploy to Firebase Hosting	2026-01-13T11:06:17.6735029Z     summary: "Error: The process '/opt/hostedtoolcache/node/20.19.6/x64/bin/npx' failed with exit code 1"
build_and_deploy	Deploy to Firebase Hosting	2026-01-13T11:06:17.6735506Z   }
build_and_deploy	Deploy to Firebase Hosting	2026-01-13T11:06:17.6735665Z }
build_and_deploy	Post Checkout Repo	ï»¿2026-01-13T11:06:17.6870893Z Post job cleanup.
build_and_deploy	Post Checkout Repo	2026-01-13T11:06:17.7833657Z [command]/usr/bin/git version
build_and_deploy	Post Checkout Repo	2026-01-13T11:06:17.7872534Z git version 2.52.0
build_and_deploy	Post Checkout Repo	2026-01-13T11:06:17.7917224Z Temporarily overriding HOME='/home/runner/work/_temp/bac3b45f-3bfd-4193-a507-7946161a6947' before making global git config changes
build_and_deploy	Post Checkout Repo	2026-01-13T11:06:17.7918216Z Adding repository directory to the temporary git global config as a safe directory
build_and_deploy	Post Checkout Repo	2026-01-13T11:06:17.7930590Z [command]/usr/bin/git config --global --add safe.directory /home/runner/work/p4f-simple-spelling-app/p4f-simple-spelling-app
build_and_deploy	Post Checkout Repo	2026-01-13T11:06:17.7967125Z [command]/usr/bin/git config --local --name-only --get-regexp core\.sshCommand
build_and_deploy	Post Checkout Repo	2026-01-13T11:06:17.8000895Z [command]/usr/bin/git submodule foreach --recursive sh -c "git config --local --name-only --get-regexp 'core\.sshCommand' && git config --local --unset-all 'core.sshCommand' || :"
build_and_deploy	Post Checkout Repo	2026-01-13T11:06:17.8239041Z [command]/usr/bin/git config --local --name-only --get-regexp http\.https\:\/\/github\.com\/\.extraheader
build_and_deploy	Post Checkout Repo	2026-01-13T11:06:17.8264327Z http.https://github.com/.extraheader
build_and_deploy	Post Checkout Repo	2026-01-13T11:06:17.8277254Z [command]/usr/bin/git config --local --unset-all http.https://github.com/.extraheader
build_and_deploy	Post Checkout Repo	2026-01-13T11:06:17.8309250Z [command]/usr/bin/git submodule foreach --recursive sh -c "git config --local --name-only --get-regexp 'http\.https\:\/\/github\.com\/\.extraheader' && git config --local --unset-all 'http.https://github.com/.extraheader' || :"
build_and_deploy	Post Checkout Repo	2026-01-13T11:06:17.8537408Z [command]/usr/bin/git config --local --name-only --get-regexp ^includeIf\.gitdir:
build_and_deploy	Post Checkout Repo	2026-01-13T11:06:17.8569151Z [command]/usr/bin/git submodule foreach --recursive git config --local --show-origin --name-only --get-regexp remote.origin.url
build_and_deploy	Complete job	ï»¿2026-01-13T11:06:17.8895908Z Cleaning up orphan processes
